// Jest Snapshot v1, https://goo.gl/fbAQLP

exports[`VersionLogger snapshot should should match snapshot 1`] = `""`;
