// Jest Snapshot v1, https://goo.gl/fbAQLP

exports[`should match the snapshot 1`] = `
<styled.div>
  <h1>
    Failed to load information
  </h1>
  <p>
    Requested information is not available.
    <br />
    We apologize for any inconvenience.
  </p>
</styled.div>
`;
