// Jest Snapshot v1, https://goo.gl/fbAQLP

exports[`should match snapshot 1`] = `
<StyledComponent
  forwardedComponent={
    Object {
      "$$typeof": Symbol(react.forward_ref),
      "attrs": Array [],
      "componentStyle": ComponentStyle {
        "componentId": "sc-bdVaJa",
        "isStatic": true,
        "rules": Array [
          "
    display: table-row;
    
    &:first-child {
      td {
        border-top: 1px solid #EDEFF1;
      }
    
      td {
        &:first-child {
          border-top-left-radius: 3px;
          border-left: 1px solid #EDEFF1;
        }
        
        &:last-child {
          border-top-right-radius: 3px;
          border-right: 1px solid #EDEFF1;
        }
      }
    }
    
    &:not(:last-child) {
      td {
        border-bottom: 1px solid #EDEFF1;
      }
    }
    
    &:not(:first-child):not(:last-child) {
      td {
        &:first-child {
          border-left: 1px solid #EDEFF1;
        }
        
        &:last-child {
          border-right: 1px solid #EDEFF1;
        }
      }        
    }
    
    &:last-child {
      td {
        border-bottom: 1px solid #EDEFF1;
      
        &:first-child {
          border-bottom-left-radius: 3px;
          border-left: 1px solid #EDEFF1;
        }
        
        &:last-child {
          border-bottom-right-radius: 3px;
          border-right: 1px solid #EDEFF1;
        }
      }
    }
",
        ],
      },
      "displayName": "styled.tr",
      "foldedComponentIds": Array [],
      "render": [Function],
      "styledComponentId": "sc-bdVaJa",
      "target": "tr",
      "toString": [Function],
      "warnTooManyClasses": [Function],
      "withComponent": [Function],
    }
  }
  forwardedRef={null}
/>
`;
